// Jest Snapshot v1, https://goo.gl/fbAQLP

exports[`Veirfy Transaction extract component Component snapshot should ever be the same 1`] = `
<div
  class="transacao-container"
>
  <p>
    08/09/2020
  </p>
  <p>
    saque
  </p>
  <p>
    R$ 
    20.00
  </p>
</div>
`;
